/
/home
/home
/usr/bin
/usr/bin
wsh> wsh> wsh> wsh> wsh> wsh> wsh> wsh> wsh> wsh> wsh> 