Makefile
bashtest.sh
cqueue.c
dict.c
envtest.c
hello.txt
script.wsh
wsh
wsh-dbg
wsh.c
wsh.h
